It reads many bits
It exchanges many bits
It writes many bits
